C51 COMPILER V9.00   TEST                                                                  08/06/2011 14:48:50 PAGE 1   


C51 COMPILER V9.00, COMPILATION OF MODULE TEST
OBJECT MODULE PLACED IN .\temp\test.obj
COMPILER INVOKED BY: G:\Keil 4 C51\C51\BIN\C51.EXE src\test.c OMF2 BROWSE INCDIR(.\inc;.\inc\xlib;.\inc\kernel) DEBUG PR
                    -INT(.\temp\test.lst) OBJECT(.\temp\test.obj)

line level    source

   1          #include "xos_opt.h"   
   2          #include "uart.h"
   3          #include "type.h"
   4          #include "xos.h"
   5          #include "sem.h"
   6          #include "xlib.h"
   7          #include "12864.h"
   8          #include <absacc.h> 
   9          #include "stcad.h"       
  10          /**/                            //20.7
  11          #ifdef SEMPHORE
              semphore sem = { 0, 0 };
              #endif //SEMPHORE
  14          
  15          static void t1() { /**/
  16   1              while (1) {
  17   2                      sleep(HZ); 
  18   2              } 
  19   1              sleep(0);
  20   1      }
  21          #define send_poll(d) do { \
  22                  SBUF = d;       \
  23                  while (TI);     \
  24                  TI = 0; \
  25          }while (0)
  26          u8_t adres0, adres1, adres2;
  27          u8_t uc0, uc1;
  28          static 
  29          void t2() { /**/ 
  30   1              while (1) { 
  31   2                      sleep(HZ);
  32   2              } 
  33   1              sleep(0);
  34   1      }
  35          static
  36          void delay(int n) {
  37   1              int i;
  38   1              for (n; n > 0; n--)
  39   1                      for (i = 4; i > 0; i--)
  40   1                              ;
  41   1      }
  42          u16_t tcnt = 0;
  43          static 
  44          void t3() { /**/
  45   1              //schedule();     
  46   1              while (1) {
  47   2                      sleep(HZ);
  48   2              }                        
  49   1              sleep(0);
  50   1      }
  51          static
  52          void t4() {
  53   1              while (1) {
  54   2                      sleep(10);
C51 COMPILER V9.00   TEST                                                                  08/06/2011 14:48:50 PAGE 2   

  55   2              }               
  56   1              sleep(0);
  57   1      }
  58          void main() {  
  59   1              ETN = 0;
  60   1              add_task((u16_t) t1);
  61   1              add_task((u16_t) t2);
  62   1              //add_task((u16_t) t3);
  63   1              //add_task((u16_t) t4);
  64   1              xos_init();
  65   1      }
  66          
  67          void com_uart(void) interrupt 4
  68          {
  69   1              /*                      接收数据中断                                            */
  70   1              disable_irq();
  71   1              if(RI)   {
  72   2                      RI=0;
  73   2              }  else if(TI) {/*          发送数据中断                        */
  74   2                      TI=0;   
  75   2              }
  76   1              enable_irq();
  77   1      }
  78          /**/


MODULE INFORMATION:   STATIC OVERLAYABLE
   CODE SIZE        =    111    ----
   CONSTANT SIZE    =   ----    ----
   XDATA SIZE       =   ----    ----
   PDATA SIZE       =   ----    ----
   DATA SIZE        =      7    ----
   IDATA SIZE       =   ----    ----
   BIT SIZE         =   ----    ----
   EDATA SIZE       =   ----    ----
   HDATA SIZE       =   ----    ----
   XDATA CONST SIZE =   ----    ----
   FAR CONST SIZE   =   ----    ----
END OF MODULE INFORMATION.


C51 COMPILATION COMPLETE.  0 WARNING(S),  0 ERROR(S)
